// Jest Snapshot v1, https://goo.gl/fbAQLP

exports[`App when initially rendered matches snapshot 1`] = `
<div>
  <div
    class="App"
  >
    <h1
      id="grid-heading"
    >
      Cells Selector!
    </h1>
    <div
      aria-colcount="5"
      aria-describedby="grid-heading"
      class="grid"
      data-testid="grid"
      role="grid"
      tabindex="0"
    >
      <div
        class="row"
        role="row"
      >
        <button
          aria-colindex="1"
          aria-selected="false"
          class=" cell"
          data-testid="cell-1-1"
          role="gridcell"
        />
        <button
          aria-colindex="2"
          aria-selected="false"
          class=" cell"
          data-testid="cell-1-2"
          role="gridcell"
        />
        <button
          aria-colindex="3"
          aria-selected="false"
          class=" cell"
          data-testid="cell-1-3"
          role="gridcell"
        />
        <button
          aria-colindex="4"
          aria-selected="false"
          class=" cell"
          data-testid="cell-1-4"
          role="gridcell"
        />
        <button
          aria-colindex="5"
          aria-selected="false"
          class=" cell"
          data-testid="cell-1-5"
          role="gridcell"
        />
      </div>
      <div
        class="row"
        role="row"
      >
        <button
          aria-colindex="1"
          aria-selected="false"
          class=" cell"
          data-testid="cell-2-1"
          role="gridcell"
        />
        <button
          aria-colindex="2"
          aria-selected="false"
          class=" cell"
          data-testid="cell-2-2"
          role="gridcell"
        />
        <button
          aria-colindex="3"
          aria-selected="false"
          class=" cell"
          data-testid="cell-2-3"
          role="gridcell"
        />
        <button
          aria-colindex="4"
          aria-selected="false"
          class=" cell"
          data-testid="cell-2-4"
          role="gridcell"
        />
        <button
          aria-colindex="5"
          aria-selected="false"
          class=" cell"
          data-testid="cell-2-5"
          role="gridcell"
        />
      </div>
      <div
        class="row"
        role="row"
      >
        <button
          aria-colindex="1"
          aria-selected="false"
          class=" cell"
          data-testid="cell-3-1"
          role="gridcell"
        />
        <button
          aria-colindex="2"
          aria-selected="false"
          class=" cell"
          data-testid="cell-3-2"
          role="gridcell"
        />
        <button
          aria-colindex="3"
          aria-selected="false"
          class=" cell"
          data-testid="cell-3-3"
          role="gridcell"
        />
        <button
          aria-colindex="4"
          aria-selected="false"
          class=" cell"
          data-testid="cell-3-4"
          role="gridcell"
        />
        <button
          aria-colindex="5"
          aria-selected="false"
          class=" cell"
          data-testid="cell-3-5"
          role="gridcell"
        />
      </div>
      <div
        class="row"
        role="row"
      >
        <button
          aria-colindex="1"
          aria-selected="false"
          class=" cell"
          data-testid="cell-4-1"
          role="gridcell"
        />
        <button
          aria-colindex="2"
          aria-selected="false"
          class=" cell"
          data-testid="cell-4-2"
          role="gridcell"
        />
        <button
          aria-colindex="3"
          aria-selected="false"
          class=" cell"
          data-testid="cell-4-3"
          role="gridcell"
        />
        <button
          aria-colindex="4"
          aria-selected="false"
          class=" cell"
          data-testid="cell-4-4"
          role="gridcell"
        />
        <button
          aria-colindex="5"
          aria-selected="false"
          class=" cell"
          data-testid="cell-4-5"
          role="gridcell"
        />
      </div>
      <div
        class="row"
        role="row"
      >
        <button
          aria-colindex="1"
          aria-selected="false"
          class=" cell"
          data-testid="cell-5-1"
          role="gridcell"
        />
        <button
          aria-colindex="2"
          aria-selected="false"
          class=" cell"
          data-testid="cell-5-2"
          role="gridcell"
        />
        <button
          aria-colindex="3"
          aria-selected="false"
          class=" cell"
          data-testid="cell-5-3"
          role="gridcell"
        />
        <button
          aria-colindex="4"
          aria-selected="false"
          class=" cell"
          data-testid="cell-5-4"
          role="gridcell"
        />
        <button
          aria-colindex="5"
          aria-selected="false"
          class=" cell"
          data-testid="cell-5-5"
          role="gridcell"
        />
      </div>
    </div>
  </div>
</div>
`;
